// Jest Snapshot v1, https://goo.gl/fbAQLP

exports[`About renders correctly when there are no items 1`] = `
<div
  id="skrollr-body"
>
  <div
    data-0="background-image: linear-gradient(90deg, hsl(172, 100%, 50%), hsl(318, 68%, 68%)"
    data-450="background-image: linear-gradient(450deg, hsl(172, 100%, 50%), hsl(318, 68%, 68%)"
  >
    <div
      className="imgItems"
    >
      <img
        alt="test tube"
        className="img"
        src="test-file-stub"
      />
      <img
        alt="test tube"
        className="img"
        src="test-file-stub"
      />
      <img
        alt="face"
        className="img"
        src="test-file-stub"
      />
      <img
        alt="test tube"
        className="img"
        src="test-file-stub"
      />
    </div>
    <div
      className="header"
    >
      <h1>
        ScienceMotions
      </h1>
      <p>
        Biology, chemistry and physics lessons from the future.
      </p>
      <p>
        <a
          href="#"
        >
          see more
        </a>
      </p>
    </div>
    <div
      className="imgItems"
    >
      <img
        alt="face"
        className="img"
        src="test-file-stub"
      />
      <img
        alt="test tube"
        className="img"
        src="test-file-stub"
      />
      <img
        alt="test tube"
        className="img"
        src="test-file-stub"
      />
      <img
        alt="test tube"
        className="img"
        src="test-file-stub"
      />
    </div>
  </div>
</div>
`;
