// Jest Snapshot v1, https://goo.gl/fbAQLP

exports[`About renders correctly when there are no items 1`] = `
<div
  id="skrollr-body"
>
  <div
    data-0="background-image: linear-gradient(90deg, hsl(172, 100%, 50%), hsl(318, 68%, 68%)"
    data-450="background-image: linear-gradient(450deg, hsl(172, 100%, 50%), hsl(318, 68%, 68%)"
  >
    <section
      className="container center-text"
    >
      <div
        className="row"
      >
        <div
          className="col-xs-6 col-md-3 portfolio-item"
        >
          <img
            alt=""
            className="img-responsive"
            src="test-file-stub"
          />
        </div>
        <div
          className="hidden-xs hidden-sm col-md-3 portfolio-item"
        >
          <img
            alt=""
            className="img-responsive"
            src="test-file-stub"
          />
        </div>
        <div
          className="col-xs-6 col-md-3 portfolio-item"
        >
          <img
            alt=""
            className="img-responsive"
            src="test-file-stub"
          />
        </div>
        <div
          className="hidden-xs hidden-sm col-md-3 portfolio-item"
        >
          <img
            alt=""
            className="img-responsive"
            src="test-file-stub"
          />
        </div>
      </div>
      <div
        className="row"
      >
        <div
          className="col-lg-12"
        >
          <div
            className="header"
          >
            <h1>
              ScienceMotions
            </h1>
            <p>
              Biology, chemistry and physics lessons from the future.
            </p>
            <p>
              <a
                href="#"
              >
                see more
              </a>
            </p>
          </div>
        </div>
      </div>
      <div
        className="row"
      >
        <div
          className="col-xs-6 col-md-3 portfolio-item"
        >
          <img
            alt=""
            className="img-responsive"
            src="test-file-stub"
          />
        </div>
        <div
          className="hidden-xs hidden-sm col-md-3 portfolio-item"
        >
          <img
            alt=""
            className="img-responsive"
            src="test-file-stub"
          />
        </div>
        <div
          className="hidden-xs hidden-sm col-md-3 portfolio-item"
        >
          <img
            alt=""
            className="img-responsive"
            src="test-file-stub"
          />
        </div>
        <div
          className="col-xs-6 col-md-3 portfolio-item"
        >
          <img
            alt=""
            className="img-responsive"
            src="test-file-stub"
          />
        </div>
      </div>
    </section>
  </div>
</div>
`;
