// Jest Snapshot v1, https://goo.gl/fbAQLP

exports[`Container renders correctly when there are no items 1`] = `
<div
  className="nav-container"
>
  <div
    id="skrollr-body"
  >
    <div
      data-0="background-image: linear-gradient(90deg, hsl(172, 100%, 50%), hsl(318, 68%, 68%)"
      data-450="background-image: linear-gradient(450deg, hsl(172, 100%, 50%), hsl(318, 68%, 68%)"
    >
      <div
        className="aboutWrapper"
      >
        <div
          className="imgItems"
        >
          <img
            alt="test tube"
            src="test-file-stub"
          />
          <img
            alt="test tube"
            src="test-file-stub"
          />
          <img
            alt="face"
            src="test-file-stub"
          />
          <img
            alt="test tube"
            src="test-file-stub"
          />
        </div>
        <div
          className="header"
        >
          <h1>
            ScienceMotions
          </h1>
          <p>
            Biology, chemistry and physics lessons from the future.
          </p>
          <p>
            <a
              href="#featuredLessons"
            >
              see more
            </a>
          </p>
        </div>
        <div
          className="imgItems"
        >
          <img
            alt="face"
            src="test-file-stub"
          />
          <img
            alt="test tube"
            src="test-file-stub"
          />
          <img
            alt="test tube"
            src="test-file-stub"
          />
          <img
            alt="test tube"
            src="test-file-stub"
          />
        </div>
      </div>
    </div>
  </div>
  <section
    className="featuredLessonsWrapper"
    id="featuredLessons"
  >
    <div
      className="header"
    >
      <h1>
        Featured Lessons
      </h1>
    </div>
    <div
      className="links"
    >
      <a
        href="lessons/Indicators"
      >
        <h1>
          Indicators
        </h1>
      </a>
      <a
        href="lessons/CellsTissuesOrgans"
      >
        <h1>
          Cells, Tissues, Organs
        </h1>
      </a>
      <a
        href="lessons/DNA"
      >
        <h1>
          DNA
        </h1>
      </a>
    </div>
  </section>
  <section
    className="testimonialsWrapper"
    id="third"
  >
    <div
      className="header"
    >
      <h1>
        Testimonials
      </h1>
    </div>
    <div
      className="testimonials"
    >
      <div>
        <i>
          “It looks really cool! I use GCSE Bitesize but it doesn’t always explain things that well.”
        </i>
        <p>
           Blessing, GCSE Student, Brixton 
        </p>
      </div>
      <div>
        <i>
          “This looks like it would be very helpful. Right now I use Gojimo, but it just uses lots of questions”
        </i>
        <p>
          Joseph, A-Level Biology Student, Camberwell
        </p>
      </div>
    </div>
  </section>
  <footer
    className="footer"
  >
    <form
      action="https://github.us16.list-manage.com/subscribe/post?u=70d8e0ea2d8800a5f4e06792c&id=b5095bc718"
      method="post"
      name="mc-embedded-subscribe-form"
      target="_blank"
    >
      <div
        id="mc_embed_signup_scroll"
      >
        <div>
          <span
            style={
              Object {
                "color": "#fff",
              }
            }
          >
            <i>
              <p>
                Science is about how shapes move in space, so we think animation is the best way to explain it... and we want to explain it in a way that's as fun to look at as MTV.
              </p>
            </i>
          </span>
        </div>
      </div>
      <div
        className="mailchimp"
      >
        <label
          htmlFor="mce-EMAIL"
        >
          Subscribe to our mailing list!
        </label>
        <div>
          <label
            htmlFor="MERGE0"
          >
            <input
              autoCapitalize="off"
              autoCorrect="off"
              id="MERGE0"
              name="EMAIL"
              onChange={[Function]}
              type="email"
              value=""
            />
          </label>
          <input
            className="button"
            name="subscribe"
            type="submit"
          />
        </div>
      </div>
    </form>
  </footer>
</div>
`;
