// Jest Snapshot v1, https://goo.gl/fbAQLP

exports[`Classification renders correctly when there are no items 1`] = `
Array [
  <section
    className="lesson-container"
    id="visual"
  >
    <div
      id="header"
    >
      <h1>
        Characteristics of living organisms 
      </h1>
      <input
        defaultValue="0"
        id="classification-input"
        max="6"
        min="0"
        onChange={[Function]}
        type="range"
      />
    </div>
    <div
      className="phrase zero"
    >
      Movement - they can move and change their position.
    </div>
  </section>,
  <section
    id="text"
  >
    <div
      dangerouslySetInnerHTML={
        Object {
          "__html": undefined,
        }
      }
    />
  </section>,
]
`;
