// Jest Snapshot v1, https://goo.gl/fbAQLP

exports[`Diffusion renders correctly when there are no items 1`] = `
<section
  className="diffusionWrapper"
>
  <div
    className="buttonWrapper"
  >
    <div
      className="button-flip active"
      id="smoothscroll"
    >
      <a
        className="btn"
        href="#text"
        type="button"
      >
        More info
      </a>
    </div>
  </div>
  <div
    id="diffusion"
  />
  <section
    id="text"
  >
    <div
      dangerouslySetInnerHTML={
        Object {
          "__html": undefined,
        }
      }
    />
  </section>
</section>
`;
