// Jest Snapshot v1, https://goo.gl/fbAQLP

exports[`DNA renders correctly when there are no items 1`] = `
Array [
  <div
    id="skrollr-body"
  >
    <div
      data-0="background-image: linear-gradient(90deg, hsl(172, 100%, 50%), hsl(318, 68%, 68%)"
      data-450="background-image: linear-gradient(450deg, hsl(172, 100%, 50%), hsl(318, 68%, 68%)"
    >
      <section
        id="visual"
      >
        <img
          className="dna-img t"
          src="test-file-stub"
        />
        <img
          className="dna-img c"
          src="test-file-stub"
        />
        <img
          className="dna-img a"
          src="test-file-stub"
        />
        <img
          className="dna-img g"
          src="test-file-stub"
        />
      </section>
    </div>
  </div>,
  <section
    id="text"
  >
   <div
     dangerouslySetInnerHTML={
       Object {
         "__html": undefined,
       }
     }
   />
  </section>,
]
`;
