// Jest Snapshot v1, https://goo.gl/fbAQLP

exports[`Eye renders correctly when there are no items 1`] = `
Array [
  <section
    className="lesson-container eye"
    id="visual"
  >
    <div
      id="pupil"
    >
      <img
        src="test-file-stub"
      />
    </div>
    <div
      id="cornea"
    >
      <img
        src="test-file-stub"
      />
    </div>
    <div
      id="fovea"
    >
      <img
        src="test-file-stub"
      />
    </div>
    <div
      id="cillary_muscle"
    >
      <img
        src="test-file-stub"
      />
    </div>
    <div
      id="lens"
    >
      <img
        src="test-file-stub"
      />
    </div>
    <div
      id="conjunctiva"
    >
      <img
        src="test-file-stub"
      />
    </div>
  </section>,
  <section
    id="text"
  >
    <div
      dangerouslySetInnerHTML={
        Object {
          "__html": undefined,
        }
      }
    />
  </section>,
]
`;
