// Jest Snapshot v1, https://goo.gl/fbAQLP

exports[`SolarSystem renders correctly when there are no items 1`] = `
Array [
  <section
    className="lesson-container solarsystem"
    id="visual"
  >
    <div
      className="clearfix"
    >
      <ul
        className="solarsystem"
      >
        <li
          className="sun"
        >
          <a
            href="#sun"
          >
            <span>
              Sun
            </span>
          </a>
        </li>
        <li
          className="mercury"
        >
          <a
            href="#mercury"
          >
            <span>
              Mercury
            </span>
          </a>
        </li>
        <li
          className="venus"
        >
          <a
            href="#venus"
          >
            <span>
              Venus
            </span>
          </a>
        </li>
        <li
          className="earth"
        >
          <a
            href="#earth"
          >
            <span>
              Earth
              <span
                className="moon"
              >
                 & Moon
              </span>
            </span>
          </a>
        </li>
        <li
          className="mars"
        >
          <a
            href="#mars"
          >
            <span>
              Mars
            </span>
          </a>
        </li>
        <li
          className="asteroids_meteorids"
        >
          <span>
            Asteroids & Meteorids
          </span>
        </li>
        <li
          className="jupiter"
        >
          <a
            href="#jupiter"
          >
            <span>
              Jupiter
            </span>
          </a>
        </li>
        <li
          className="saturn"
        >
          <a
            href="#saturn"
          >
            <span>
              Saturn &
              <span
                className="ring"
              >
                Ring
              </span>
            </span>
          </a>
        </li>
        <li
          className="uranus"
        >
          <a
            href="#uranus"
          >
            <span>
              Uranus
            </span>
          </a>
        </li>
        <li
          className="neptune"
        >
          <a
            href="#neptune"
          >
            <span>
              Neptune
            </span>
          </a>
        </li>
        <li
          className="pluto"
        >
          <a
            href="#pluto"
          >
            <span>
              Pluto
            </span>
          </a>
        </li>
      </ul>
    </div>
  </section>,
  <section
    id="text"
  >
    <div
      dangerouslySetInnerHTML={
        Object {
          "__html": undefined,
        }
      }
    />
  </section>,
]
`;
