// Jest Snapshot v1, https://goo.gl/fbAQLP

exports[`Indicators renders correctly when there are no items 1`] = `
Array [
  <section
    className="lesson-container solarsystem"
    id="visual"
  >
   <div class="clearfix" class="tooltip">
            <ul class="solarsystem">
                <li class="sun" class="tooltip">
                    <a href="#sun">
                        <span>Sun</span>
                    </a>
                </li>
                <li class="mercury">
                    <a href="#mercury">
                        <span>Mercury</span>
                    </a>
                </li>
                <li class="venus">
                    <a href="#venus">
                        <span>Venus</span>
                    </a>
                </li>
                <li class="earth">
                    <a href="#earth">
                        <span>Earth
                            <span class="moon"> &amp; Moon</span>
                        </span>
                    </a>
                </li>
                <li class="mars">
                    <a href="#mars">
                        <span>Mars</span>
                    </a>
                </li>
                <li class="asteroids_meteorids">
                    <span>Asteroids &amp; Meteorids</span>
                </li>
                <li class="jupiter">
                    <a href="#jupiter">
                        <span>Jupiter</span>
                    </a>
                </li>
                <li class="saturn">
                    <a href="#saturn">
                        <span>Saturn &amp;
                            <span class="ring">Ring</span>
                        </span>
                    </a>
                </li>
                <li class="uranus" class="tooltip">
                    <a href="#uranus">
                        <span>Uranus</span>
                    </a>
                </li>
                <li class="neptune">
                    <a href="#neptune">
                        <span>Neptune</span>
                    </a>
                </li>
                <li class="pluto">
                    <a href="#pluto">
                        <span>Pluto</span>
                    </a>
                </li>
            </ul>
        </div>
  </section>,
  <section
    id="text"
  >
    <div
      dangerouslySetInnerHTML={
        Object {
          "__html": undefined,
        }
      }
    />
  </section>,
]
`;

exports[`SolarSystem renders correctly when there are no items 1`] = `
Array [
  <section
    className="solarsystem"
    id="visual"
  >
    <img
      className="solarsystem"
      src="test-file-stub"
    />
    <img
      className="solarsystem"
      src="test-file-stub"
    />
  </section>,
  <section
    id="text"
  >
    <div
      dangerouslySetInnerHTML={
        Object {
          "__html": undefined,
        }
      }
    />
  </section>,
]
`;
